// Jest Snapshot v1, https://goo.gl/fbAQLP

exports[`BrowserList renders and matches snapshot 1`] = `
<div
  id="music-sources-container"
>
  <h4>
    My List
  </h4>
  <ul
    id="browser-container"
  >
    <div
      style="overflow:visible;height:0;width:0"
    />
  </ul>
</div>
`;
