// Jest Snapshot v1, https://goo.gl/fbAQLP

exports[`SearchBar renders on 1`] = `
<div
  id="search"
>
  <p />
  <input
    id="searchfield"
    type="text"
  />
</div>
`;
