// Jest Snapshot v1, https://goo.gl/fbAQLP

exports[`ZoneGroupMember matches snapshot 1`] = `
<li>
  <span>
    My Name
  </span>
</li>
`;
